[www.tylerdhoover.com/index.html]
[backblue.gif]
[fade.gif]
[index.html]
[images.squarespace-cdn.com/content/5664a961e4b0d8f0949344e6/1449450079651-PGA53D67YWRQL1DFGGQC/Hoover-Family-16743a3.jpg]
[use.typekit.net/ik/7WIeV_HkvlkRalWBVITF5ckK5KZzKlameH9yredtHUtfel3IfFHN4UJLFRbh52jhWD9hFRsy5QjUZQsKwebtZRMoF2qDF2s8Fy7sMkG0jAFu-WsoShFGZAsude80ZkoRdhXCHKoyjamTiY8Djhy8ZYmC-Ao1Oco8if37OcBDOcu8OfG0SaBujW48]
[assets.squarespace.com/@sqs/polyfiller/1.6/legacy.js]
[assets.squarespace.com/universal/scripts-compressed/extract-css-runtime-9117b94dc67b73a4-min.en-US.js]
[assets.squarespace.com/@sqs/polyfiller/1.6/modern.js]
[assets.squarespace.com/universal/scripts-compressed/cldr-resource-pack-f88491ffe3410ea1-min.en-US.js]
[assets.squarespace.com/universal/scripts-compressed/extract-css-moment-js-vendor-088ec0120fdbcfed-min.en-US.js]
[assets.squarespace.com/universal/scripts-compressed/common-vendors-stable-54bab8bb8a15366b-min.en-US.js]
[assets.squarespace.com/universal/scripts-compressed/performance-cbc374304e81127f-min.en-US.js]
[static1.squarespace.com/static/sitecss/5664a961e4b0d8f0949344e6/72/52a74dafe4b073a80cd253c5/5efa8efa7c5dc01882be959e/1053/site.css]
[assets.squarespace.com/universal/scripts-compressed/common-vendors-4b2deb998c9fde94-min.en-US.js]
[assets.squarespace.com/universal/scripts-compressed/common-7906ab6ec234c643-min.en-US.js]
[definitions.sqspcdn.com/website-component-definition/static-assets/website.components.spacer/5467e640-df76-4727-a981-a1b0f7e00c0a_41/website.components.spacer.visitor.js]
[www.tylerdhoover.com/bio.html]
[www.tylerdhoover.com/composing.html]
[www.tylerdhoover.com/arranging.html]
[www.tylerdhoover.com/worship.html]
[www.tylerdhoover.com/theory.html]
[www.tylerdhoover.com/drumming.html]
[www.tylerdhoover.com/contact.html]
[www.tylerdhoover.com/index.html]
[assets.squarespace.com/universal/images-v6/damask/error-dark.png]
[assets.squarespace.com/universal/images-v6/damask/error-dark@2x.png]
[assets.squarespace.com/universal/images-v6/damask/play-button.png]
[static1.squarespace.com/static/ta/52a74d9ae4b0253945d2aee9/1053/scripts/site-bundle.js]
[assets.squarespace.com/universal/images-v6/damask/play-button@2x.png]
[assets.squarespace.com/universal/images-v6/damask/edit-aviary-light.png]
[assets.squarespace.com/universal/images-v6/damask/edit-aviary-light@2x.png]
[assets.squarespace.com/universal/images-v6/damask/edit-info-light.png]
[assets.squarespace.com/universal/images-v6/damask/edit-info-light@2x.png]
[assets.squarespace.com/universal/images-v6/damask/trash-9-light.png]
[assets.squarespace.com/universal/images-v6/damask/trash-9-light@2x.png]
[assets.squarespace.com/universal/images-v6/damask/trash-9-red.png]
[assets.squarespace.com/universal/images-v6/damask/trash-9-red@2x.png]
[assets.squarespace.com/universal/images-v6/damask/getty-16-light.png]
[assets.squarespace.com/universal/images-v6/damask/getty-32-light.png]
[assets.squarespace.com/universal/images-v6/damask/shopping-cart-16-light.png]
[assets.squarespace.com/universal/images-v6/damask/shopping-cart-32-light.png]
[assets.squarespace.com/universal/images-v6/icons/block-indicator-dark.png]
[assets.squarespace.com/universal/images-v6/icons/block-indicator-dark@2x.png]
[assets.squarespace.com/universal/images-v6/icons/opentable-icons.png]
[assets.squarespace.com/universal/images-v6/icons/icon-searchqueries-20-dark.png]
[assets.squarespace.com/universal/images-v6/icons/icon-searchqueries-20-light.png]
[assets.squarespace.com/universal/images-v6/icons/icon-video-24-light-solid.png]
[assets.squarespace.com/universal/images-v6/damask/image-inside-64-dark.png]
[assets.squarespace.com/universal/images-v6/damask/image-inside-128-dark.png]
[assets.squarespace.com/universal/images-v6/standard/icon_close_7_light.png]
[assets.squarespace.com/universal/images-v6/icons/icon-settings-16-light.png]
[static1.squarespace.com/static/sitecss/5664a961e4b0d8f0949344e6/72/52a74dafe4b073a80cd253c5/5efa8efa7c5dc01882be959e/1053/site.css]
[definitions.sqspcdn.com/website-component-definition/static-assets/website.components.spacer/5467e640-df76-4727-a981-a1b0f7e00c0a_41/website.components.spacer.styles.css]
[images.squarespace-cdn.com/content/v1/5664a961e4b0d8f0949344e6/1480427515917-7GPNMDZT3NRC5WN970TE/image-asset.jpg]
[www.tylerdhoover.com/bio.html]
[assets.squarespace.com/universal/scripts-compressed/extract-css-runtime-969744a986b8f873-min.en-US.js]
[images.squarespace-cdn.com/content/v1/5664a961e4b0d8f0949344e6/1593480381989-GYIX16MRPWMJCHTHL22D/image-asset.jpg]
[assets.squarespace.com/universal/scripts-compressed/common-b8babec1537de5b9-min.en-US.js]
[www.tylerdhoover.com/musical-theatre/#itemId=5f0b4b111504ed40fe949fbd.html]
[www.tylerdhoover.com/_/one-story_]
[www.tylerdhoover.com/one-story.html]
[www.tylerdhoover.com/musical-theatre/#itemId=567755f3dc5cb43d5a9e1b92.html]
[www.tylerdhoover.com/demos.html]
[www.tylerdhoover.com/_/www.youtube.com/embed/OSeKyOPU6hQ8873]
[www.tylerdhoover.com/composing.html]
[www.tylerdhoover.com/large-ensemble/#itemId=583e2986f5e2313f41d00ac0.html]
[images.squarespace-cdn.com/content/v1/5664a961e4b0d8f0949344e6/1594599055462-2HUEWR840DHS2597U6HM/image-asset.jpg]
[www.tylerdhoover.com/_/www.youtube.com/embed/T5LeBEUlSZA8344]
[www.tylerdhoover.com/_/www.youtube.com/embed/xm-oxrsHSJ48344]
[www.tylerdhoover.com/arranging.html]
[assets.squarespace.com/universal/scripts-compressed/extract-css-runtime-18b5560b71c45a07-min.en-US.js]
[images.squarespace-cdn.com/content/v1/5664a961e4b0d8f0949344e6/1594602687977-KQVB5PZGR4NUAN2NSG8U/image-asset.jpg]
[images.squarespace-cdn.com/content/v1/5664a961e4b0d8f0949344e6/1594603719485-GVIJ3XW0WB5TYO5OXFL2/album_10401_600.jpg]
[images.squarespace-cdn.com/content/v1/5664a961e4b0d8f0949344e6/1594603851550-755S5SG74O7FHM4AY7S8/71IieaDHLsL._SS500_.jpg]
[images.squarespace-cdn.com/content/v1/5664a961e4b0d8f0949344e6/1594604060652-M7H8NBGTX3HOGXL8MBM0/81V5331V5cL._SL1500_.jpg]
[www.tylerdhoover.com/worship.html]
[www.tylerdhoover.com/theory.html]
[assets.squarespace.com/universal/scripts-compressed/extract-css-runtime-1d8bb5fa60f33eb5-min.en-US.js]
[images.squarespace-cdn.com/content/v1/5664a961e4b0d8f0949344e6/1593993777958-I9YV6S2JBEGYMJOZDFBA/image-asset.jpg]
[www.tylerdhoover.com/drumming.html]
[assets.squarespace.com/universal/scripts-compressed/extract-css-runtime-37cfa8d9e92d6a40-min.en-US.js]
[www.tylerdhoover.com/contact.html]
[www.tylerdhoover.com/musical-theatre.html]
[www.tylerdhoover.com/musical-theatre/#itemId=5f0b4b111504ed40fe949fbd.html]
[www.tylerdhoover.com/_/one-story_.html]
[assets.squarespace.com/universal/scripts-compressed/common-20fec8d38615f2e2-min.en-US.js]
[www.tylerdhoover.com/one-story.html]
[www.tylerdhoover.com/musical-theatre/#itemId=567755f3dc5cb43d5a9e1b92.html]
[www.tylerdhoover.com/_/demos__Click.html]
[www.tylerdhoover.com/demos.html]
[www.tylerdhoover.com/_/www.youtube.com/embed/OSeKyOPU6hQ8873.html]
[assets.squarespace.com/universal/scripts-compressed/extract-css-runtime-24fe8d8ce5caf26a-min.en-US.js]
[www.tylerdhoover.com/large-ensemble.html]
[www.tylerdhoover.com/large-ensemble/_/www.youtube.com/embed/OSeKyOPU6hQ.598873.delayed]
[www.tylerdhoover.com/large-ensemble/#itemId=583e2986f5e2313f41d00ac0.html]
[www.tylerdhoover.com/_/www.youtube.com/embed/T5LeBEUlSZA9ae1.html]
[www.tylerdhoover.com/_/www.youtube.com/embed/T5LeBEUlSZA8344.html]
[www.tylerdhoover.com/_/www.youtube.com/embed/xm-oxrsHSJ49ae1.html]
[www.tylerdhoover.com/_/www.youtube.com/embed/xm-oxrsHSJ48344.html]
[assets.squarespace.com/universal/scripts-compressed/common-800371ca6ae6eccf-min.en-US.js]
[www.tylerdhoover.com/musical-theatre.html]
[www.tylerdhoover.com/large-ensemble.html]
[www.tylerdhoover.com/large-ensemble/_/www.youtube.com/embed/OSeKyOPU6hQ8873.html]
